// Jest Snapshot v1, https://goo.gl/fbAQLP

exports[`Pruebas en <GifGridItem /> debe de mostrar el componente correctamente 1`] = `
<div
  className="card animate__animated animate__fadeIn"
>
  <img
    alt="Soy un test"
    src="https://localhost/soyuntest.gif"
    title="Soy un test"
  />
  <p>
    Soy un test
  </p>
</div>
`;
